#! /usr/bin/vvp
:ivl_version "11.0 (stable)";
:ivl_delay_selection "TYPICAL";
:vpi_time_precision - 12;
:vpi_module "/usr/lib/x86_64-linux-gnu/ivl/system.vpi";
:vpi_module "/usr/lib/x86_64-linux-gnu/ivl/vhdl_sys.vpi";
:vpi_module "/usr/lib/x86_64-linux-gnu/ivl/vhdl_textio.vpi";
:vpi_module "/usr/lib/x86_64-linux-gnu/ivl/v2005_math.vpi";
:vpi_module "/usr/lib/x86_64-linux-gnu/ivl/va_math.vpi";
S_0x5e48bbd09d10 .scope module, "road_shield_top_speed_tb" "road_shield_top_speed_tb" 2 3;
 .timescale -9 -12;
P_0x5e48bbcdec80 .param/l "TB_MAX_SPEED" 1 2 5, C4<01100100>;
L_0x5e48bbd26990 .functor BUFZ 8, L_0x5e48bbcc68c0, C4<00000000>, C4<00000000>, C4<00000000>;
v0x5e48bbd50260_0 .var "btn1", 0 0;
v0x5e48bbd50370_0 .var "btn2", 0 0;
v0x5e48bbd50480_0 .var "clk", 0 0;
v0x5e48bbd50520_0 .var/i "i", 31 0;
v0x5e48bbd505c0_0 .var/i "k", 31 0;
v0x5e48bbd506f0_0 .net "number_clk", 0 0, v0x5e48bbd48cb0_0;  1 drivers
v0x5e48bbd507e0_0 .net "number_cs", 0 0, v0x5e48bbd48d70_0;  1 drivers
v0x5e48bbd508d0_0 .net "number_din", 0 0, v0x5e48bbd48e30_0;  1 drivers
v0x5e48bbd509c0_0 .var "polled_speed", 7 0;
v0x5e48bbd50aa0_0 .var/i "rx_bits", 31 0;
v0x5e48bbd50b80_0 .var "rx_frame", 15 0;
v0x5e48bbd50c60_0 .net "speed", 7 0, L_0x5e48bbd26990;  1 drivers
v0x5e48bbd50d40_0 .var "spi_cs_n", 0 0;
v0x5e48bbd50de0_0 .var/i "spi_found", 31 0;
v0x5e48bbd50ec0_0 .var/i "spi_frames", 31 0;
v0x5e48bbd50fa0_0 .net "spi_miso", 0 0, L_0x5e48bbd51d70;  1 drivers
v0x5e48bbd51090_0 .var "spi_mosi", 0 0;
v0x5e48bbd51290_0 .var "spi_sck", 0 0;
S_0x5e48bbd0a9d0 .scope task, "check" "check" 2 53, 2 53 0, S_0x5e48bbd09d10;
 .timescale -9 -12;
v0x5e48bbd038b0_0 .var "expected", 7 0;
v0x5e48bbd03de0_0 .var "name", 255 0;
TD_road_shield_top_speed_tb.check ;
    %load/vec4 v0x5e48bbd50c60_0;
    %load/vec4 v0x5e48bbd038b0_0;
    %cmp/e;
    %jmp/0xz  T_0.0, 6;
    %vpi_call 2 58 "$display", "OK %0s: speed = %0d", v0x5e48bbd03de0_0, v0x5e48bbd50c60_0 {0 0 0};
    %jmp T_0.1;
T_0.0 ;
    %vpi_call 2 60 "$display", "ERROR %0s: esperado %0d, obtido %0d", v0x5e48bbd03de0_0, v0x5e48bbd038b0_0, v0x5e48bbd50c60_0 {0 0 0};
T_0.1 ;
    %end;
S_0x5e48bbd46dd0 .scope module, "dut" "road_shield_top_speed" 2 18, 3 1 0, S_0x5e48bbd09d10;
 .timescale 0 0;
    .port_info 0 /INPUT 1 "clk";
    .port_info 1 /INPUT 1 "btn1";
    .port_info 2 /INPUT 1 "btn2";
    .port_info 3 /INPUT 1 "spi_sck";
    .port_info 4 /INPUT 1 "spi_mosi";
    .port_info 5 /INPUT 1 "spi_cs_n";
    .port_info 6 /OUTPUT 1 "spi_miso";
    .port_info 7 /OUTPUT 1 "number_din";
    .port_info 8 /OUTPUT 1 "number_clk";
    .port_info 9 /OUTPUT 1 "number_cs";
P_0x5e48bbd244b0 .param/l "CLK_HZ" 0 3 2, +C4<00000000000000000000001111101000>;
P_0x5e48bbd244f0 .param/l "DIST_ATT" 0 3 5, C4<00110010>;
P_0x5e48bbd24530 .param/l "DIST_FREE" 0 3 4, C4<01100100>;
P_0x5e48bbd24570 .param/l "MAX_SPEED" 0 3 3, C4<01100100>;
L_0x76f9ce586408 .functor BUFT 1, C4<000000>, C4<0>, C4<0>, C4<0>;
v0x5e48bbd4d820_0 .net/2u *"_ivl_12", 5 0, L_0x76f9ce586408;  1 drivers
L_0x76f9ce5863c0 .functor BUFT 1, C4<000000>, C4<0>, C4<0>, C4<0>;
v0x5e48bbd4d920_0 .net/2u *"_ivl_8", 5 0, L_0x76f9ce5863c0;  1 drivers
v0x5e48bbd4da00_0 .net "btn1", 0 0, v0x5e48bbd50260_0;  1 drivers
v0x5e48bbd4daa0_0 .net "btn2", 0 0, v0x5e48bbd50370_0;  1 drivers
v0x5e48bbd4db70_0 .net "byte_valido", 0 0, v0x5e48bbd4c5a0_0;  1 drivers
v0x5e48bbd4dc60_0 .net "clk", 0 0, v0x5e48bbd50480_0;  1 drivers
v0x5e48bbd4dd00_0 .net "cs_desce", 0 0, L_0x5e48bbd51c30;  1 drivers
v0x5e48bbd4ddf0_0 .net "dist_att", 7 0, v0x5e48bbd1c690_0;  1 drivers
v0x5e48bbd4de90_0 .net "dist_free", 7 0, v0x5e48bbd47b40_0;  1 drivers
v0x5e48bbd4df30_0 .net "number_clk", 0 0, v0x5e48bbd48cb0_0;  alias, 1 drivers
v0x5e48bbd4e000_0 .net "number_cs", 0 0, v0x5e48bbd48d70_0;  alias, 1 drivers
v0x5e48bbd4e0d0_0 .net "number_din", 0 0, v0x5e48bbd48e30_0;  alias, 1 drivers
v0x5e48bbd4e1a0_0 .net "quadro_fim", 0 0, v0x5e48bbd4cdf0_0;  1 drivers
v0x5e48bbd4e240_0 .net "rx_byte", 7 0, v0x5e48bbd4d010_0;  1 drivers
v0x5e48bbd4e2e0_0 .net "speed", 7 0, L_0x5e48bbcc68c0;  1 drivers
v0x5e48bbd4e380_0 .net "spi_cs_n", 0 0, v0x5e48bbd50d40_0;  1 drivers
v0x5e48bbd4e420_0 .net "spi_miso", 0 0, L_0x5e48bbd51d70;  alias, 1 drivers
v0x5e48bbd4e600_0 .net "spi_mosi", 0 0, v0x5e48bbd51090_0;  1 drivers
v0x5e48bbd4e6d0_0 .net "spi_sck", 0 0, v0x5e48bbd51290_0;  1 drivers
v0x5e48bbd4e7a0_0 .net "tx_byte", 7 0, v0x5e48bbd4b540_0;  1 drivers
v0x5e48bbd4e890_0 .net "vel_max", 7 0, v0x5e48bbd48040_0;  1 drivers
L_0x5e48bbd625f0 .concat [ 8 6 0 0], L_0x5e48bbcc68c0, L_0x76f9ce5863c0;
L_0x5e48bbd62720 .concat [ 8 6 0 0], v0x5e48bbd48040_0, L_0x76f9ce586408;
S_0x5e48bbd47200 .scope module, "u_cfg" "config_rx" 3 58, 4 7 0, S_0x5e48bbd46dd0;
 .timescale 0 0;
    .port_info 0 /INPUT 1 "clk";
    .port_info 1 /INPUT 1 "rst";
    .port_info 2 /INPUT 8 "rx_byte";
    .port_info 3 /INPUT 1 "byte_valido";
    .port_info 4 /INPUT 1 "quadro_fim";
    .port_info 5 /OUTPUT 8 "dist_free";
    .port_info 6 /OUTPUT 8 "dist_att";
    .port_info 7 /OUTPUT 8 "vel_max";
    .port_info 8 /OUTPUT 1 "cfg_valid";
P_0x5e48bbd28400 .param/l "DIST_ATT_INIT" 0 4 9, C4<00110010>;
P_0x5e48bbd28440 .param/l "DIST_FREE_INIT" 0 4 8, C4<01100100>;
P_0x5e48bbd28480 .param/l "ETX" 1 4 26, C4<00000011>;
P_0x5e48bbd284c0 .param/l "STX" 1 4 25, C4<00000010>;
P_0x5e48bbd28500 .param/l "ST_DIST_ATT" 1 4 32, C4<011>;
P_0x5e48bbd28540 .param/l "ST_DIST_FREE" 1 4 31, C4<010>;
P_0x5e48bbd28580 .param/l "ST_ETX" 1 4 34, C4<101>;
P_0x5e48bbd285c0 .param/l "ST_IDLE" 1 4 29, C4<000>;
P_0x5e48bbd28600 .param/l "ST_TYPE" 1 4 30, C4<001>;
P_0x5e48bbd28640 .param/l "ST_VEL_MAX" 1 4 33, C4<100>;
P_0x5e48bbd28680 .param/l "TYPE_CFG" 1 4 27, C4<00010000>;
P_0x5e48bbd286c0 .param/l "VEL_MAX_INIT" 0 4 10, C4<01100100>;
v0x5e48bbd0e6f0_0 .net "byte_valido", 0 0, v0x5e48bbd4c5a0_0;  alias, 1 drivers
v0x5e48bbd11210_0 .var "cfg_valid", 0 0;
v0x5e48bbd131f0_0 .net "clk", 0 0, v0x5e48bbd50480_0;  alias, 1 drivers
v0x5e48bbd1c690_0 .var "dist_att", 7 0;
v0x5e48bbd26ca0_0 .var "dist_att_s", 7 0;
v0x5e48bbd47b40_0 .var "dist_free", 7 0;
v0x5e48bbd47c20_0 .var "dist_free_s", 7 0;
v0x5e48bbd47d00_0 .net "quadro_fim", 0 0, v0x5e48bbd4cdf0_0;  alias, 1 drivers
L_0x76f9ce586210 .functor BUFT 1, C4<0>, C4<0>, C4<0>, C4<0>;
v0x5e48bbd47dc0_0 .net "rst", 0 0, L_0x76f9ce586210;  1 drivers
v0x5e48bbd47e80_0 .net "rx_byte", 7 0, v0x5e48bbd4d010_0;  alias, 1 drivers
v0x5e48bbd47f60_0 .var "state", 2 0;
v0x5e48bbd48040_0 .var "vel_max", 7 0;
v0x5e48bbd48120_0 .var "vel_max_s", 7 0;
E_0x5e48bbcd3db0 .event posedge, v0x5e48bbd131f0_0;
S_0x5e48bbd48320 .scope module, "u_display" "number_control" 3 80, 5 1 0, S_0x5e48bbd46dd0;
 .timescale 0 0;
    .port_info 0 /INPUT 1 "clk";
    .port_info 1 /INPUT 1 "rst_n";
    .port_info 2 /INPUT 14 "value_a";
    .port_info 3 /INPUT 14 "value_b";
    .port_info 4 /OUTPUT 1 "number_din";
    .port_info 5 /OUTPUT 1 "number_clk";
    .port_info 6 /OUTPUT 1 "number_cs";
P_0x5e48bbd484d0 .param/l "ST_CLOCK_HIGH" 1 5 15, C4<010>;
P_0x5e48bbd48510 .param/l "ST_CLOCK_LOW" 1 5 16, C4<011>;
P_0x5e48bbd48550 .param/l "ST_COMMIT_FRAME" 1 5 17, C4<100>;
P_0x5e48bbd48590 .param/l "ST_OUTPUT_BIT" 1 5 14, C4<001>;
P_0x5e48bbd485d0 .param/l "ST_START_FRAME" 1 5 13, C4<000>;
P_0x5e48bbd48610 .param/l "TICK_MAX" 1 5 11, C4<0000000100001110>;
v0x5e48bbd48990_0 .var "bit_cnt", 4 0;
v0x5e48bbd48a90_0 .net "clk", 0 0, v0x5e48bbd50480_0;  alias, 1 drivers
v0x5e48bbd48b50_0 .var "frame", 15 0;
v0x5e48bbd48bf0_0 .var "frame_idx", 3 0;
v0x5e48bbd48cb0_0 .var "number_clk", 0 0;
v0x5e48bbd48d70_0 .var "number_cs", 0 0;
v0x5e48bbd48e30_0 .var "number_din", 0 0;
L_0x76f9ce586378 .functor BUFT 1, C4<1>, C4<0>, C4<0>, C4<0>;
v0x5e48bbd48ef0_0 .net "rst_n", 0 0, L_0x76f9ce586378;  1 drivers
v0x5e48bbd48fb0_0 .var "shift_reg", 15 0;
v0x5e48bbd49090_0 .var "state", 2 0;
v0x5e48bbd49170_0 .var "tick", 15 0;
v0x5e48bbd49250_0 .net "value_a", 13 0, L_0x5e48bbd625f0;  1 drivers
v0x5e48bbd49330_0 .net "value_b", 13 0, L_0x5e48bbd62720;  1 drivers
E_0x5e48bbc94a30/0 .event negedge, v0x5e48bbd48ef0_0;
E_0x5e48bbc94a30/1 .event posedge, v0x5e48bbd131f0_0;
E_0x5e48bbc94a30 .event/or E_0x5e48bbc94a30/0, E_0x5e48bbc94a30/1;
E_0x5e48bbd2e1d0 .event edge, v0x5e48bbd48bf0_0, v0x5e48bbd49250_0, v0x5e48bbd49330_0;
S_0x5e48bbd494f0 .scope module, "u_speed" "speed_control" 3 71, 6 1 0, S_0x5e48bbd46dd0;
 .timescale 0 0;
    .port_info 0 /INPUT 1 "clk";
    .port_info 1 /INPUT 1 "btn1";
    .port_info 2 /INPUT 1 "btn2";
    .port_info 3 /INPUT 8 "max_speed";
    .port_info 4 /OUTPUT 8 "speed";
P_0x5e48bbd49680 .param/l "CLK_HZ" 0 6 2, +C4<00000000000000000000001111101000>;
P_0x5e48bbd496c0 .param/l "SAMPLE_MAX" 1 6 12, +C4<00000000000000000000000000001010>;
P_0x5e48bbd49700 .param/l "STEP" 1 6 11, C4<00000101>;
L_0x5e48bbd096f0 .functor NOT 1, v0x5e48bbd50260_0, C4<0>, C4<0>, C4<0>;
L_0x5e48bbd1a730 .functor NOT 1, v0x5e48bbd50370_0, C4<0>, C4<0>, C4<0>;
L_0x5e48bbcc68c0 .functor BUFZ 8, v0x5e48bbd4a670_0, C4<00000000>, C4<00000000>, C4<00000000>;
L_0x76f9ce5862e8 .functor BUFT 1, C4<0>, C4<0>, C4<0>, C4<0>;
v0x5e48bbd49870_0 .net/2u *"_ivl_12", 0 0, L_0x76f9ce5862e8;  1 drivers
v0x5e48bbd49970_0 .net *"_ivl_14", 8 0, L_0x5e48bbd622e0;  1 drivers
L_0x76f9ce586330 .functor BUFT 1, C4<000000101>, C4<0>, C4<0>, C4<0>;
v0x5e48bbd49a50_0 .net/2u *"_ivl_16", 8 0, L_0x76f9ce586330;  1 drivers
v0x5e48bbd49b40_0 .net *"_ivl_4", 31 0, L_0x5e48bbd51f70;  1 drivers
L_0x76f9ce586258 .functor BUFT 1, C4<0000000000000>, C4<0>, C4<0>, C4<0>;
v0x5e48bbd49c20_0 .net *"_ivl_7", 12 0, L_0x76f9ce586258;  1 drivers
L_0x76f9ce5862a0 .functor BUFT 1, C4<00000000000000000000000000001001>, C4<0>, C4<0>, C4<0>;
v0x5e48bbd49d50_0 .net/2u *"_ivl_8", 31 0, L_0x76f9ce5862a0;  1 drivers
v0x5e48bbd49e30_0 .net "btn1", 0 0, v0x5e48bbd50260_0;  alias, 1 drivers
v0x5e48bbd49ef0_0 .net "btn1_raw", 0 0, L_0x5e48bbd096f0;  1 drivers
v0x5e48bbd49fb0_0 .var "btn1_s", 0 0;
v0x5e48bbd4a070_0 .net "btn2", 0 0, v0x5e48bbd50370_0;  alias, 1 drivers
v0x5e48bbd4a130_0 .net "btn2_raw", 0 0, L_0x5e48bbd1a730;  1 drivers
v0x5e48bbd4a1f0_0 .var "btn2_s", 0 0;
v0x5e48bbd4a2b0_0 .net "clk", 0 0, v0x5e48bbd50480_0;  alias, 1 drivers
v0x5e48bbd4a350_0 .net "max_speed", 7 0, v0x5e48bbd48040_0;  alias, 1 drivers
v0x5e48bbd4a410_0 .net "sample", 0 0, L_0x5e48bbd621c0;  1 drivers
v0x5e48bbd4a4b0_0 .var "sample_cnt", 18 0;
v0x5e48bbd4a590_0 .net "speed", 7 0, L_0x5e48bbcc68c0;  alias, 1 drivers
v0x5e48bbd4a670_0 .var "speed_reg", 7 0;
v0x5e48bbd4a750_0 .net "speed_up", 8 0, L_0x5e48bbd62400;  1 drivers
L_0x5e48bbd51f70 .concat [ 19 13 0 0], v0x5e48bbd4a4b0_0, L_0x76f9ce586258;
L_0x5e48bbd621c0 .cmp/eq 32, L_0x5e48bbd51f70, L_0x76f9ce5862a0;
L_0x5e48bbd622e0 .concat [ 8 1 0 0], v0x5e48bbd4a670_0, L_0x76f9ce5862e8;
L_0x5e48bbd62400 .arith/sum 9, L_0x5e48bbd622e0, L_0x76f9ce586330;
S_0x5e48bbd4a8d0 .scope module, "u_speed_tx" "speed_tx" 3 43, 7 8 0, S_0x5e48bbd46dd0;
 .timescale 0 0;
    .port_info 0 /INPUT 1 "clk";
    .port_info 1 /INPUT 1 "rst";
    .port_info 2 /INPUT 8 "speed";
    .port_info 3 /INPUT 1 "cs_desce";
    .port_info 4 /INPUT 8 "rx_byte";
    .port_info 5 /INPUT 1 "byte_valido";
    .port_info 6 /INPUT 1 "quadro_fim";
    .port_info 7 /OUTPUT 8 "tx_byte";
P_0x5e48bbd4aab0 .param/l "ETX" 1 7 22, C4<00000011>;
P_0x5e48bbd4aaf0 .param/l "STX" 1 7 21, C4<00000010>;
P_0x5e48bbd4ab30 .param/l "TYPE_SPEED" 1 7 23, C4<00100000>;
L_0x76f9ce586180 .functor BUFT 1, C4<000>, C4<0>, C4<0>, C4<0>;
v0x5e48bbd4ae40_0 .net/2u *"_ivl_0", 2 0, L_0x76f9ce586180;  1 drivers
v0x5e48bbd4af40_0 .net "byte_valido", 0 0, v0x5e48bbd4c5a0_0;  alias, 1 drivers
v0x5e48bbd4b000_0 .net "clk", 0 0, v0x5e48bbd50480_0;  alias, 1 drivers
v0x5e48bbd4b0d0_0 .net "cs_desce", 0 0, L_0x5e48bbd51c30;  alias, 1 drivers
v0x5e48bbd4b170_0 .net "quadro_fim", 0 0, v0x5e48bbd4cdf0_0;  alias, 1 drivers
v0x5e48bbd4b260_0 .var "read_tx", 0 0;
L_0x76f9ce5861c8 .functor BUFT 1, C4<0>, C4<0>, C4<0>, C4<0>;
v0x5e48bbd4b300_0 .net "rst", 0 0, L_0x76f9ce5861c8;  1 drivers
v0x5e48bbd4b3a0_0 .net "rx_byte", 7 0, v0x5e48bbd4d010_0;  alias, 1 drivers
v0x5e48bbd4b470_0 .net "speed", 7 0, L_0x5e48bbcc68c0;  alias, 1 drivers
v0x5e48bbd4b540_0 .var "tx_byte", 7 0;
v0x5e48bbd4b600_0 .var "tx_idx", 2 0;
v0x5e48bbd4b6e0_0 .net "tx_idx_eff", 2 0, L_0x5e48bbd51e70;  1 drivers
E_0x5e48bbcd6f00 .event edge, v0x5e48bbd4b260_0, v0x5e48bbd4b0d0_0, v0x5e48bbd4b6e0_0, v0x5e48bbd4a590_0;
L_0x5e48bbd51e70 .functor MUXZ 3, v0x5e48bbd4b600_0, L_0x76f9ce586180, L_0x5e48bbd51c30, C4<>;
S_0x5e48bbd4b8c0 .scope module, "u_spi" "spi_slave" 3 28, 8 1 0, S_0x5e48bbd46dd0;
 .timescale 0 0;
    .port_info 0 /INPUT 1 "clk";
    .port_info 1 /INPUT 1 "rst";
    .port_info 2 /INPUT 1 "sck";
    .port_info 3 /INPUT 1 "mosi";
    .port_info 4 /INPUT 1 "cs_n";
    .port_info 5 /OUTPUT 1 "miso";
    .port_info 6 /OUTPUT 8 "rx_byte";
    .port_info 7 /OUTPUT 1 "byte_valido";
    .port_info 8 /INPUT 8 "tx_byte";
    .port_info 9 /OUTPUT 1 "quadro_ativo";
    .port_info 10 /OUTPUT 1 "cs_desce";
    .port_info 11 /OUTPUT 1 "quadro_fim";
L_0x5e48bbd03c40 .functor NOT 1, L_0x5e48bbd51380, C4<0>, C4<0>, C4<0>;
L_0x5e48bbd11070 .functor BUFZ 1, L_0x5e48bbd03c40, C4<0>, C4<0>, C4<0>;
v0x5e48bbd4bbd0_0 .net *"_ivl_1", 0 0, L_0x5e48bbd51380;  1 drivers
v0x5e48bbd4bcd0_0 .net *"_ivl_11", 1 0, L_0x5e48bbd51650;  1 drivers
L_0x76f9ce586060 .functor BUFT 1, C4<10>, C4<0>, C4<0>, C4<0>;
v0x5e48bbd4bdb0_0 .net/2u *"_ivl_12", 1 0, L_0x76f9ce586060;  1 drivers
v0x5e48bbd4be70_0 .net *"_ivl_17", 1 0, L_0x5e48bbd51880;  1 drivers
L_0x76f9ce5860a8 .functor BUFT 1, C4<01>, C4<0>, C4<0>, C4<0>;
v0x5e48bbd4bf50_0 .net/2u *"_ivl_18", 1 0, L_0x76f9ce5860a8;  1 drivers
v0x5e48bbd4c080_0 .net *"_ivl_25", 1 0, L_0x5e48bbd51b40;  1 drivers
L_0x76f9ce5860f0 .functor BUFT 1, C4<10>, C4<0>, C4<0>, C4<0>;
v0x5e48bbd4c160_0 .net/2u *"_ivl_26", 1 0, L_0x76f9ce5860f0;  1 drivers
v0x5e48bbd4c240_0 .net *"_ivl_5", 1 0, L_0x5e48bbd51470;  1 drivers
L_0x76f9ce586018 .functor BUFT 1, C4<01>, C4<0>, C4<0>, C4<0>;
v0x5e48bbd4c320_0 .net/2u *"_ivl_6", 1 0, L_0x76f9ce586018;  1 drivers
v0x5e48bbd4c400_0 .net "ativo", 0 0, L_0x5e48bbd03c40;  1 drivers
v0x5e48bbd4c4c0_0 .var "bit_cnt", 2 0;
v0x5e48bbd4c5a0_0 .var "byte_valido", 0 0;
v0x5e48bbd4c640_0 .net "clk", 0 0, v0x5e48bbd50480_0;  alias, 1 drivers
v0x5e48bbd4c6e0_0 .net "cs_desce", 0 0, L_0x5e48bbd51c30;  alias, 1 drivers
v0x5e48bbd4c780_0 .net "cs_n", 0 0, v0x5e48bbd50d40_0;  alias, 1 drivers
v0x5e48bbd4c820_0 .var "cs_s", 2 0;
v0x5e48bbd4c900_0 .net "cs_sobe", 0 0, L_0x5e48bbd519b0;  1 drivers
v0x5e48bbd4cad0_0 .net "miso", 0 0, L_0x5e48bbd51d70;  alias, 1 drivers
v0x5e48bbd4cb90_0 .net "mosi", 0 0, v0x5e48bbd51090_0;  alias, 1 drivers
v0x5e48bbd4cc50_0 .var "mosi_s", 1 0;
v0x5e48bbd4cd30_0 .net "quadro_ativo", 0 0, L_0x5e48bbd11070;  1 drivers
v0x5e48bbd4cdf0_0 .var "quadro_fim", 0 0;
v0x5e48bbd4ce90_0 .var "recarregar", 0 0;
L_0x76f9ce586138 .functor BUFT 1, C4<0>, C4<0>, C4<0>, C4<0>;
v0x5e48bbd4cf50_0 .net "rst", 0 0, L_0x76f9ce586138;  1 drivers
v0x5e48bbd4d010_0 .var "rx_byte", 7 0;
v0x5e48bbd4d120_0 .var "rx_shift", 7 0;
v0x5e48bbd4d200_0 .net "sck", 0 0, v0x5e48bbd51290_0;  alias, 1 drivers
v0x5e48bbd4d2c0_0 .net "sck_desce", 0 0, L_0x5e48bbd51740;  1 drivers
v0x5e48bbd4d380_0 .var "sck_s", 2 0;
v0x5e48bbd4d460_0 .net "sck_sobe", 0 0, L_0x5e48bbd51510;  1 drivers
v0x5e48bbd4d520_0 .net "tx_byte", 7 0, v0x5e48bbd4b540_0;  alias, 1 drivers
v0x5e48bbd4d5e0_0 .var "tx_shift", 7 0;
L_0x5e48bbd51380 .part v0x5e48bbd4c820_0, 1, 1;
L_0x5e48bbd51470 .part v0x5e48bbd4d380_0, 1, 2;
L_0x5e48bbd51510 .cmp/eq 2, L_0x5e48bbd51470, L_0x76f9ce586018;
L_0x5e48bbd51650 .part v0x5e48bbd4d380_0, 1, 2;
L_0x5e48bbd51740 .cmp/eq 2, L_0x5e48bbd51650, L_0x76f9ce586060;
L_0x5e48bbd51880 .part v0x5e48bbd4c820_0, 1, 2;
L_0x5e48bbd519b0 .cmp/eq 2, L_0x5e48bbd51880, L_0x76f9ce5860a8;
L_0x5e48bbd51b40 .part v0x5e48bbd4c820_0, 1, 2;
L_0x5e48bbd51c30 .cmp/eq 2, L_0x5e48bbd51b40, L_0x76f9ce5860f0;
L_0x5e48bbd51d70 .part v0x5e48bbd4d5e0_0, 7, 1;
S_0x5e48bbd4ea60 .scope task, "get_frame" "get_frame" 2 64, 2 64 0, S_0x5e48bbd09d10;
 .timescale -9 -12;
E_0x5e48bbd2e5d0 .event posedge, v0x5e48bbd48cb0_0;
E_0x5e48bbd4ec60 .event negedge, v0x5e48bbd48d70_0;
TD_road_shield_top_speed_tb.get_frame ;
    %wait E_0x5e48bbd4ec60;
    %pushi/vec4 0, 0, 16;
    %store/vec4 v0x5e48bbd50b80_0, 0, 16;
    %pushi/vec4 0, 0, 32;
    %store/vec4 v0x5e48bbd50aa0_0, 0, 32;
    %pushi/vec4 15, 0, 32;
    %store/vec4 v0x5e48bbd50520_0, 0, 32;
T_1.2 ;
    %load/vec4 v0x5e48bbd50520_0;
    %cmpi/s 0, 0, 32;
    %flag_inv 5; GE is !LT
    %jmp/0xz T_1.3, 5;
    %wait E_0x5e48bbd2e5d0;
    %load/vec4 v0x5e48bbd508d0_0;
    %ix/getv/s 4, v0x5e48bbd50520_0;
    %store/vec4 v0x5e48bbd50b80_0, 4, 1;
    %load/vec4 v0x5e48bbd50aa0_0;
    %addi 1, 0, 32;
    %store/vec4 v0x5e48bbd50aa0_0, 0, 32;
    %load/vec4 v0x5e48bbd50520_0;
    %subi 1, 0, 32;
    %store/vec4 v0x5e48bbd50520_0, 0, 32;
    %jmp T_1.2;
T_1.3 ;
    %end;
S_0x5e48bbd4ecc0 .scope task, "press" "press" 2 43, 2 43 0, S_0x5e48bbd09d10;
 .timescale -9 -12;
v0x5e48bbd4eea0_0 .var "up", 0 0;
TD_road_shield_top_speed_tb.press ;
    %load/vec4 v0x5e48bbd4eea0_0;
    %flag_set/vec4 8;
    %jmp/0xz  T_2.4, 8;
    %pushi/vec4 0, 0, 1;
    %store/vec4 v0x5e48bbd50260_0, 0, 1;
    %jmp T_2.5;
T_2.4 ;
    %pushi/vec4 0, 0, 1;
    %store/vec4 v0x5e48bbd50370_0, 0, 1;
T_2.5 ;
    %pushi/vec4 20, 0, 32;
T_2.6 %dup/vec4;
    %pushi/vec4 0, 0, 32;
    %cmp/s;
    %jmp/1xz T_2.7, 5;
    %jmp/1 T_2.7, 4;
    %pushi/vec4 1, 0, 32;
    %sub;
    %wait E_0x5e48bbcd3db0;
    %jmp T_2.6;
T_2.7 ;
    %pop/vec4 1;
    %pushi/vec4 1, 0, 1;
    %store/vec4 v0x5e48bbd50260_0, 0, 1;
    %pushi/vec4 1, 0, 1;
    %store/vec4 v0x5e48bbd50370_0, 0, 1;
    %pushi/vec4 20, 0, 32;
T_2.8 %dup/vec4;
    %pushi/vec4 0, 0, 32;
    %cmp/s;
    %jmp/1xz T_2.9, 5;
    %jmp/1 T_2.9, 4;
    %pushi/vec4 1, 0, 32;
    %sub;
    %wait E_0x5e48bbcd3db0;
    %jmp T_2.8;
T_2.9 ;
    %pop/vec4 1;
    %end;
S_0x5e48bbd4ef80 .scope task, "read_speed" "read_speed" 2 94, 2 94 0, S_0x5e48bbd09d10;
 .timescale -9 -12;
v0x5e48bbd4f1b0_0 .var "b0", 7 0;
v0x5e48bbd4f2b0_0 .var "b1", 7 0;
v0x5e48bbd4f390_0 .var "b2", 7 0;
v0x5e48bbd4f450_0 .var "b3", 7 0;
v0x5e48bbd4f530_0 .var "got_speed", 7 0;
TD_road_shield_top_speed_tb.read_speed ;
    %pushi/vec4 0, 0, 1;
    %store/vec4 v0x5e48bbd50d40_0, 0, 1;
    %pushi/vec4 0, 0, 1;
    %store/vec4 v0x5e48bbd51090_0, 0, 1;
    %pushi/vec4 8, 0, 32;
T_3.10 %dup/vec4;
    %pushi/vec4 0, 0, 32;
    %cmp/s;
    %jmp/1xz T_3.11, 5;
    %jmp/1 T_3.11, 4;
    %pushi/vec4 1, 0, 32;
    %sub;
    %wait E_0x5e48bbcd3db0;
    %jmp T_3.10;
T_3.11 ;
    %pop/vec4 1;
    %fork TD_road_shield_top_speed_tb.spi_read_byte, S_0x5e48bbd4fea0;
    %join;
    %load/vec4 v0x5e48bbd50180_0;
    %store/vec4 v0x5e48bbd4f1b0_0, 0, 8;
    %fork TD_road_shield_top_speed_tb.spi_read_byte, S_0x5e48bbd4fea0;
    %join;
    %load/vec4 v0x5e48bbd50180_0;
    %store/vec4 v0x5e48bbd4f2b0_0, 0, 8;
    %fork TD_road_shield_top_speed_tb.spi_read_byte, S_0x5e48bbd4fea0;
    %join;
    %load/vec4 v0x5e48bbd50180_0;
    %store/vec4 v0x5e48bbd4f390_0, 0, 8;
    %fork TD_road_shield_top_speed_tb.spi_read_byte, S_0x5e48bbd4fea0;
    %join;
    %load/vec4 v0x5e48bbd50180_0;
    %store/vec4 v0x5e48bbd4f450_0, 0, 8;
    %pushi/vec4 8, 0, 32;
T_3.12 %dup/vec4;
    %pushi/vec4 0, 0, 32;
    %cmp/s;
    %jmp/1xz T_3.13, 5;
    %jmp/1 T_3.13, 4;
    %pushi/vec4 1, 0, 32;
    %sub;
    %wait E_0x5e48bbcd3db0;
    %jmp T_3.12;
T_3.13 ;
    %pop/vec4 1;
    %pushi/vec4 1, 0, 1;
    %store/vec4 v0x5e48bbd50d40_0, 0, 1;
    %pushi/vec4 20, 0, 32;
T_3.14 %dup/vec4;
    %pushi/vec4 0, 0, 32;
    %cmp/s;
    %jmp/1xz T_3.15, 5;
    %jmp/1 T_3.15, 4;
    %pushi/vec4 1, 0, 32;
    %sub;
    %wait E_0x5e48bbcd3db0;
    %jmp T_3.14;
T_3.15 ;
    %pop/vec4 1;
    %load/vec4 v0x5e48bbd4f1b0_0;
    %pushi/vec4 2, 0, 8;
    %cmp/e;
    %flag_get/vec4 6;
    %load/vec4 v0x5e48bbd4f2b0_0;
    %pushi/vec4 32, 0, 8;
    %cmp/e;
    %flag_get/vec4 6;
    %and;
    %load/vec4 v0x5e48bbd4f450_0;
    %pushi/vec4 3, 0, 8;
    %cmp/e;
    %flag_get/vec4 6;
    %and;
    %flag_set/vec4 8;
    %jmp/0xz  T_3.16, 8;
    %load/vec4 v0x5e48bbd4f390_0;
    %store/vec4 v0x5e48bbd4f530_0, 0, 8;
    %jmp T_3.17;
T_3.16 ;
    %pushi/vec4 255, 0, 8;
    %store/vec4 v0x5e48bbd4f530_0, 0, 8;
T_3.17 ;
    %end;
S_0x5e48bbd4f660 .scope task, "send_cfg" "send_cfg" 2 136, 2 136 0, S_0x5e48bbd09d10;
 .timescale -9 -12;
v0x5e48bbd4f840_0 .var "dist_att", 7 0;
v0x5e48bbd4f940_0 .var "dist_free", 7 0;
v0x5e48bbd4fa20_0 .var "vel_max", 7 0;
TD_road_shield_top_speed_tb.send_cfg ;
    %pushi/vec4 0, 0, 1;
    %store/vec4 v0x5e48bbd50d40_0, 0, 1;
    %pushi/vec4 8, 0, 32;
T_4.18 %dup/vec4;
    %pushi/vec4 0, 0, 32;
    %cmp/s;
    %jmp/1xz T_4.19, 5;
    %jmp/1 T_4.19, 4;
    %pushi/vec4 1, 0, 32;
    %sub;
    %wait E_0x5e48bbcd3db0;
    %jmp T_4.18;
T_4.19 ;
    %pop/vec4 1;
    %pushi/vec4 2, 0, 8;
    %store/vec4 v0x5e48bbd4fdc0_0, 0, 8;
    %fork TD_road_shield_top_speed_tb.spi_byte, S_0x5e48bbd4fae0;
    %join;
    %pushi/vec4 16, 0, 8;
    %store/vec4 v0x5e48bbd4fdc0_0, 0, 8;
    %fork TD_road_shield_top_speed_tb.spi_byte, S_0x5e48bbd4fae0;
    %join;
    %load/vec4 v0x5e48bbd4f940_0;
    %store/vec4 v0x5e48bbd4fdc0_0, 0, 8;
    %fork TD_road_shield_top_speed_tb.spi_byte, S_0x5e48bbd4fae0;
    %join;
    %load/vec4 v0x5e48bbd4f840_0;
    %store/vec4 v0x5e48bbd4fdc0_0, 0, 8;
    %fork TD_road_shield_top_speed_tb.spi_byte, S_0x5e48bbd4fae0;
    %join;
    %load/vec4 v0x5e48bbd4fa20_0;
    %store/vec4 v0x5e48bbd4fdc0_0, 0, 8;
    %fork TD_road_shield_top_speed_tb.spi_byte, S_0x5e48bbd4fae0;
    %join;
    %pushi/vec4 3, 0, 8;
    %store/vec4 v0x5e48bbd4fdc0_0, 0, 8;
    %fork TD_road_shield_top_speed_tb.spi_byte, S_0x5e48bbd4fae0;
    %join;
    %pushi/vec4 8, 0, 32;
T_4.20 %dup/vec4;
    %pushi/vec4 0, 0, 32;
    %cmp/s;
    %jmp/1xz T_4.21, 5;
    %jmp/1 T_4.21, 4;
    %pushi/vec4 1, 0, 32;
    %sub;
    %wait E_0x5e48bbcd3db0;
    %jmp T_4.20;
T_4.21 ;
    %pop/vec4 1;
    %pushi/vec4 1, 0, 1;
    %store/vec4 v0x5e48bbd50d40_0, 0, 1;
    %pushi/vec4 20, 0, 32;
T_4.22 %dup/vec4;
    %pushi/vec4 0, 0, 32;
    %cmp/s;
    %jmp/1xz T_4.23, 5;
    %jmp/1 T_4.23, 4;
    %pushi/vec4 1, 0, 32;
    %sub;
    %wait E_0x5e48bbcd3db0;
    %jmp T_4.22;
T_4.23 ;
    %pop/vec4 1;
    %end;
S_0x5e48bbd4fae0 .scope task, "spi_byte" "spi_byte" 2 121, 2 121 0, S_0x5e48bbd09d10;
 .timescale -9 -12;
v0x5e48bbd4fcc0_0 .var/i "b", 31 0;
v0x5e48bbd4fdc0_0 .var "data", 7 0;
TD_road_shield_top_speed_tb.spi_byte ;
    %pushi/vec4 7, 0, 32;
    %store/vec4 v0x5e48bbd4fcc0_0, 0, 32;
T_5.24 ;
    %load/vec4 v0x5e48bbd4fcc0_0;
    %cmpi/s 0, 0, 32;
    %flag_inv 5; GE is !LT
    %jmp/0xz T_5.25, 5;
    %load/vec4 v0x5e48bbd4fdc0_0;
    %load/vec4 v0x5e48bbd4fcc0_0;
    %part/s 1;
    %store/vec4 v0x5e48bbd51090_0, 0, 1;
    %pushi/vec4 4, 0, 32;
T_5.26 %dup/vec4;
    %pushi/vec4 0, 0, 32;
    %cmp/s;
    %jmp/1xz T_5.27, 5;
    %jmp/1 T_5.27, 4;
    %pushi/vec4 1, 0, 32;
    %sub;
    %wait E_0x5e48bbcd3db0;
    %jmp T_5.26;
T_5.27 ;
    %pop/vec4 1;
    %pushi/vec4 1, 0, 1;
    %store/vec4 v0x5e48bbd51290_0, 0, 1;
    %pushi/vec4 4, 0, 32;
T_5.28 %dup/vec4;
    %pushi/vec4 0, 0, 32;
    %cmp/s;
    %jmp/1xz T_5.29, 5;
    %jmp/1 T_5.29, 4;
    %pushi/vec4 1, 0, 32;
    %sub;
    %wait E_0x5e48bbcd3db0;
    %jmp T_5.28;
T_5.29 ;
    %pop/vec4 1;
    %pushi/vec4 0, 0, 1;
    %store/vec4 v0x5e48bbd51290_0, 0, 1;
    %pushi/vec4 2, 0, 32;
T_5.30 %dup/vec4;
    %pushi/vec4 0, 0, 32;
    %cmp/s;
    %jmp/1xz T_5.31, 5;
    %jmp/1 T_5.31, 4;
    %pushi/vec4 1, 0, 32;
    %sub;
    %wait E_0x5e48bbcd3db0;
    %jmp T_5.30;
T_5.31 ;
    %pop/vec4 1;
    %load/vec4 v0x5e48bbd4fcc0_0;
    %subi 1, 0, 32;
    %store/vec4 v0x5e48bbd4fcc0_0, 0, 32;
    %jmp T_5.24;
T_5.25 ;
    %end;
S_0x5e48bbd4fea0 .scope task, "spi_read_byte" "spi_read_byte" 2 77, 2 77 0, S_0x5e48bbd09d10;
 .timescale -9 -12;
v0x5e48bbd50080_0 .var/i "b", 31 0;
v0x5e48bbd50180_0 .var "data", 7 0;
TD_road_shield_top_speed_tb.spi_read_byte ;
    %pushi/vec4 0, 0, 8;
    %store/vec4 v0x5e48bbd50180_0, 0, 8;
    %pushi/vec4 0, 0, 1;
    %store/vec4 v0x5e48bbd51090_0, 0, 1;
    %pushi/vec4 7, 0, 32;
    %store/vec4 v0x5e48bbd50080_0, 0, 32;
T_6.32 ;
    %load/vec4 v0x5e48bbd50080_0;
    %cmpi/s 0, 0, 32;
    %flag_inv 5; GE is !LT
    %jmp/0xz T_6.33, 5;
    %pushi/vec4 4, 0, 32;
T_6.34 %dup/vec4;
    %pushi/vec4 0, 0, 32;
    %cmp/s;
    %jmp/1xz T_6.35, 5;
    %jmp/1 T_6.35, 4;
    %pushi/vec4 1, 0, 32;
    %sub;
    %wait E_0x5e48bbcd3db0;
    %jmp T_6.34;
T_6.35 ;
    %pop/vec4 1;
    %pushi/vec4 1, 0, 1;
    %store/vec4 v0x5e48bbd51290_0, 0, 1;
    %pushi/vec4 4, 0, 32;
T_6.36 %dup/vec4;
    %pushi/vec4 0, 0, 32;
    %cmp/s;
    %jmp/1xz T_6.37, 5;
    %jmp/1 T_6.37, 4;
    %pushi/vec4 1, 0, 32;
    %sub;
    %wait E_0x5e48bbcd3db0;
    %jmp T_6.36;
T_6.37 ;
    %pop/vec4 1;
    %load/vec4 v0x5e48bbd50fa0_0;
    %ix/getv/s 4, v0x5e48bbd50080_0;
    %store/vec4 v0x5e48bbd50180_0, 4, 1;
    %pushi/vec4 0, 0, 1;
    %store/vec4 v0x5e48bbd51290_0, 0, 1;
    %pushi/vec4 2, 0, 32;
T_6.38 %dup/vec4;
    %pushi/vec4 0, 0, 32;
    %cmp/s;
    %jmp/1xz T_6.39, 5;
    %jmp/1 T_6.39, 4;
    %pushi/vec4 1, 0, 32;
    %sub;
    %wait E_0x5e48bbcd3db0;
    %jmp T_6.38;
T_6.39 ;
    %pop/vec4 1;
    %load/vec4 v0x5e48bbd50080_0;
    %subi 1, 0, 32;
    %store/vec4 v0x5e48bbd50080_0, 0, 32;
    %jmp T_6.32;
T_6.33 ;
    %end;
    .scope S_0x5e48bbd4b8c0;
T_7 ;
    %pushi/vec4 0, 0, 3;
    %store/vec4 v0x5e48bbd4d380_0, 0, 3;
    %pushi/vec4 7, 0, 3;
    %store/vec4 v0x5e48bbd4c820_0, 0, 3;
    %pushi/vec4 0, 0, 2;
    %store/vec4 v0x5e48bbd4cc50_0, 0, 2;
    %end;
    .thread T_7;
    .scope S_0x5e48bbd4b8c0;
T_8 ;
    %wait E_0x5e48bbcd3db0;
    %load/vec4 v0x5e48bbd4d380_0;
    %parti/s 2, 0, 2;
    %load/vec4 v0x5e48bbd4d200_0;
    %concat/vec4; draw_concat_vec4
    %assign/vec4 v0x5e48bbd4d380_0, 0;
    %load/vec4 v0x5e48bbd4c820_0;
    %parti/s 2, 0, 2;
    %load/vec4 v0x5e48bbd4c780_0;
    %concat/vec4; draw_concat_vec4
    %assign/vec4 v0x5e48bbd4c820_0, 0;
    %load/vec4 v0x5e48bbd4cc50_0;
    %parti/s 1, 0, 2;
    %load/vec4 v0x5e48bbd4cb90_0;
    %concat/vec4; draw_concat_vec4
    %assign/vec4 v0x5e48bbd4cc50_0, 0;
    %jmp T_8;
    .thread T_8;
    .scope S_0x5e48bbd4b8c0;
T_9 ;
    %wait E_0x5e48bbcd3db0;
    %load/vec4 v0x5e48bbd4cf50_0;
    %flag_set/vec4 8;
    %jmp/0xz  T_9.0, 8;
    %pushi/vec4 0, 0, 8;
    %assign/vec4 v0x5e48bbd4d010_0, 0;
    %pushi/vec4 0, 0, 1;
    %assign/vec4 v0x5e48bbd4c5a0_0, 0;
    %pushi/vec4 0, 0, 1;
    %assign/vec4 v0x5e48bbd4cdf0_0, 0;
    %pushi/vec4 0, 0, 8;
    %assign/vec4 v0x5e48bbd4d120_0, 0;
    %pushi/vec4 0, 0, 8;
    %assign/vec4 v0x5e48bbd4d5e0_0, 0;
    %pushi/vec4 0, 0, 3;
    %assign/vec4 v0x5e48bbd4c4c0_0, 0;
    %pushi/vec4 0, 0, 1;
    %assign/vec4 v0x5e48bbd4ce90_0, 0;
    %jmp T_9.1;
T_9.0 ;
    %pushi/vec4 0, 0, 1;
    %assign/vec4 v0x5e48bbd4c5a0_0, 0;
    %pushi/vec4 0, 0, 1;
    %assign/vec4 v0x5e48bbd4cdf0_0, 0;
    %load/vec4 v0x5e48bbd4c6e0_0;
    %flag_set/vec4 8;
    %jmp/0xz  T_9.2, 8;
    %pushi/vec4 0, 0, 3;
    %assign/vec4 v0x5e48bbd4c4c0_0, 0;
    %pushi/vec4 0, 0, 8;
    %assign/vec4 v0x5e48bbd4d120_0, 0;
    %load/vec4 v0x5e48bbd4d520_0;
    %assign/vec4 v0x5e48bbd4d5e0_0, 0;
    %pushi/vec4 0, 0, 1;
    %assign/vec4 v0x5e48bbd4ce90_0, 0;
    %jmp T_9.3;
T_9.2 ;
    %load/vec4 v0x5e48bbd4c900_0;
    %flag_set/vec4 8;
    %jmp/0xz  T_9.4, 8;
    %pushi/vec4 1, 0, 1;
    %assign/vec4 v0x5e48bbd4cdf0_0, 0;
    %jmp T_9.5;
T_9.4 ;
    %load/vec4 v0x5e48bbd4c400_0;
    %flag_set/vec4 8;
    %jmp/0xz  T_9.6, 8;
    %load/vec4 v0x5e48bbd4d460_0;
    %flag_set/vec4 8;
    %jmp/0xz  T_9.8, 8;
    %load/vec4 v0x5e48bbd4d120_0;
    %parti/s 7, 0, 2;
    %load/vec4 v0x5e48bbd4cc50_0;
    %parti/s 1, 1, 2;
    %concat/vec4; draw_concat_vec4
    %assign/vec4 v0x5e48bbd4d120_0, 0;
    %load/vec4 v0x5e48bbd4c4c0_0;
    %addi 1, 0, 3;
    %assign/vec4 v0x5e48bbd4c4c0_0, 0;
    %load/vec4 v0x5e48bbd4c4c0_0;
    %cmpi/e 7, 0, 3;
    %jmp/0xz  T_9.10, 4;
    %load/vec4 v0x5e48bbd4d120_0;
    %parti/s 7, 0, 2;
    %load/vec4 v0x5e48bbd4cc50_0;
    %parti/s 1, 1, 2;
    %concat/vec4; draw_concat_vec4
    %assign/vec4 v0x5e48bbd4d010_0, 0;
    %pushi/vec4 1, 0, 1;
    %assign/vec4 v0x5e48bbd4c5a0_0, 0;
    %pushi/vec4 1, 0, 1;
    %assign/vec4 v0x5e48bbd4ce90_0, 0;
T_9.10 ;
    %jmp T_9.9;
T_9.8 ;
    %load/vec4 v0x5e48bbd4d2c0_0;
    %flag_set/vec4 8;
    %jmp/0xz  T_9.12, 8;
    %load/vec4 v0x5e48bbd4ce90_0;
    %flag_set/vec4 8;
    %jmp/0xz  T_9.14, 8;
    %load/vec4 v0x5e48bbd4d520_0;
    %assign/vec4 v0x5e48bbd4d5e0_0, 0;
    %pushi/vec4 0, 0, 1;
    %assign/vec4 v0x5e48bbd4ce90_0, 0;
    %jmp T_9.15;
T_9.14 ;
    %load/vec4 v0x5e48bbd4d5e0_0;
    %parti/s 7, 0, 2;
    %concati/vec4 0, 0, 1;
    %assign/vec4 v0x5e48bbd4d5e0_0, 0;
T_9.15 ;
T_9.12 ;
T_9.9 ;
T_9.6 ;
T_9.5 ;
T_9.3 ;
T_9.1 ;
    %jmp T_9;
    .thread T_9;
    .scope S_0x5e48bbd4a8d0;
T_10 ;
    %pushi/vec4 0, 0, 1;
    %store/vec4 v0x5e48bbd4b260_0, 0, 1;
    %pushi/vec4 0, 0, 3;
    %store/vec4 v0x5e48bbd4b600_0, 0, 3;
    %end;
    .thread T_10;
    .scope S_0x5e48bbd4a8d0;
T_11 ;
    %wait E_0x5e48bbcd3db0;
    %load/vec4 v0x5e48bbd4b300_0;
    %flag_set/vec4 8;
    %jmp/0xz  T_11.0, 8;
    %pushi/vec4 0, 0, 1;
    %assign/vec4 v0x5e48bbd4b260_0, 0;
    %pushi/vec4 0, 0, 3;
    %assign/vec4 v0x5e48bbd4b600_0, 0;
    %jmp T_11.1;
T_11.0 ;
    %load/vec4 v0x5e48bbd4b0d0_0;
    %flag_set/vec4 8;
    %jmp/0xz  T_11.2, 8;
    %pushi/vec4 1, 0, 1;
    %assign/vec4 v0x5e48bbd4b260_0, 0;
    %pushi/vec4 0, 0, 3;
    %assign/vec4 v0x5e48bbd4b600_0, 0;
    %jmp T_11.3;
T_11.2 ;
    %load/vec4 v0x5e48bbd4af40_0;
    %flag_set/vec4 8;
    %jmp/0xz  T_11.4, 8;
    %load/vec4 v0x5e48bbd4b3a0_0;
    %cmpi/ne 0, 0, 8;
    %jmp/0xz  T_11.6, 4;
    %pushi/vec4 0, 0, 1;
    %assign/vec4 v0x5e48bbd4b260_0, 0;
T_11.6 ;
    %load/vec4 v0x5e48bbd4b600_0;
    %addi 1, 0, 3;
    %assign/vec4 v0x5e48bbd4b600_0, 0;
T_11.4 ;
T_11.3 ;
    %load/vec4 v0x5e48bbd4b170_0;
    %flag_set/vec4 8;
    %jmp/0xz  T_11.8, 8;
    %pushi/vec4 0, 0, 1;
    %assign/vec4 v0x5e48bbd4b260_0, 0;
T_11.8 ;
T_11.1 ;
    %jmp T_11;
    .thread T_11;
    .scope S_0x5e48bbd4a8d0;
T_12 ;
    %wait E_0x5e48bbcd6f00;
    %load/vec4 v0x5e48bbd4b260_0;
    %nor/r;
    %load/vec4 v0x5e48bbd4b0d0_0;
    %nor/r;
    %and;
    %flag_set/vec4 8;
    %jmp/0xz  T_12.0, 8;
    %pushi/vec4 0, 0, 8;
    %store/vec4 v0x5e48bbd4b540_0, 0, 8;
    %jmp T_12.1;
T_12.0 ;
    %load/vec4 v0x5e48bbd4b6e0_0;
    %dup/vec4;
    %pushi/vec4 0, 0, 3;
    %cmp/u;
    %jmp/1 T_12.2, 6;
    %dup/vec4;
    %pushi/vec4 1, 0, 3;
    %cmp/u;
    %jmp/1 T_12.3, 6;
    %dup/vec4;
    %pushi/vec4 2, 0, 3;
    %cmp/u;
    %jmp/1 T_12.4, 6;
    %dup/vec4;
    %pushi/vec4 3, 0, 3;
    %cmp/u;
    %jmp/1 T_12.5, 6;
    %pushi/vec4 0, 0, 8;
    %store/vec4 v0x5e48bbd4b540_0, 0, 8;
    %jmp T_12.7;
T_12.2 ;
    %pushi/vec4 2, 0, 8;
    %store/vec4 v0x5e48bbd4b540_0, 0, 8;
    %jmp T_12.7;
T_12.3 ;
    %pushi/vec4 32, 0, 8;
    %store/vec4 v0x5e48bbd4b540_0, 0, 8;
    %jmp T_12.7;
T_12.4 ;
    %load/vec4 v0x5e48bbd4b470_0;
    %store/vec4 v0x5e48bbd4b540_0, 0, 8;
    %jmp T_12.7;
T_12.5 ;
    %pushi/vec4 3, 0, 8;
    %store/vec4 v0x5e48bbd4b540_0, 0, 8;
    %jmp T_12.7;
T_12.7 ;
    %pop/vec4 1;
T_12.1 ;
    %jmp T_12;
    .thread T_12, $push;
    .scope S_0x5e48bbd47200;
T_13 ;
    %pushi/vec4 100, 0, 8;
    %store/vec4 v0x5e48bbd47b40_0, 0, 8;
    %pushi/vec4 50, 0, 8;
    %store/vec4 v0x5e48bbd1c690_0, 0, 8;
    %pushi/vec4 100, 0, 8;
    %store/vec4 v0x5e48bbd48040_0, 0, 8;
    %pushi/vec4 0, 0, 1;
    %store/vec4 v0x5e48bbd11210_0, 0, 1;
    %pushi/vec4 0, 0, 3;
    %store/vec4 v0x5e48bbd47f60_0, 0, 3;
    %pushi/vec4 100, 0, 8;
    %store/vec4 v0x5e48bbd47c20_0, 0, 8;
    %pushi/vec4 50, 0, 8;
    %store/vec4 v0x5e48bbd26ca0_0, 0, 8;
    %pushi/vec4 100, 0, 8;
    %store/vec4 v0x5e48bbd48120_0, 0, 8;
    %end;
    .thread T_13;
    .scope S_0x5e48bbd47200;
T_14 ;
    %wait E_0x5e48bbcd3db0;
    %load/vec4 v0x5e48bbd47dc0_0;
    %flag_set/vec4 8;
    %jmp/0xz  T_14.0, 8;
    %pushi/vec4 0, 0, 3;
    %assign/vec4 v0x5e48bbd47f60_0, 0;
    %pushi/vec4 100, 0, 8;
    %assign/vec4 v0x5e48bbd47b40_0, 0;
    %pushi/vec4 50, 0, 8;
    %assign/vec4 v0x5e48bbd1c690_0, 0;
    %pushi/vec4 100, 0, 8;
    %assign/vec4 v0x5e48bbd48040_0, 0;
    %pushi/vec4 100, 0, 8;
    %assign/vec4 v0x5e48bbd47c20_0, 0;
    %pushi/vec4 50, 0, 8;
    %assign/vec4 v0x5e48bbd26ca0_0, 0;
    %pushi/vec4 100, 0, 8;
    %assign/vec4 v0x5e48bbd48120_0, 0;
    %pushi/vec4 0, 0, 1;
    %assign/vec4 v0x5e48bbd11210_0, 0;
    %jmp T_14.1;
T_14.0 ;
    %pushi/vec4 0, 0, 1;
    %assign/vec4 v0x5e48bbd11210_0, 0;
    %load/vec4 v0x5e48bbd47d00_0;
    %load/vec4 v0x5e48bbd47f60_0;
    %pushi/vec4 0, 0, 3;
    %cmp/ne;
    %flag_get/vec4 4;
    %and;
    %flag_set/vec4 8;
    %jmp/0xz  T_14.2, 8;
    %pushi/vec4 0, 0, 3;
    %assign/vec4 v0x5e48bbd47f60_0, 0;
    %jmp T_14.3;
T_14.2 ;
    %load/vec4 v0x5e48bbd0e6f0_0;
    %flag_set/vec4 8;
    %jmp/0xz  T_14.4, 8;
    %load/vec4 v0x5e48bbd47f60_0;
    %dup/vec4;
    %pushi/vec4 0, 0, 3;
    %cmp/u;
    %jmp/1 T_14.6, 6;
    %dup/vec4;
    %pushi/vec4 1, 0, 3;
    %cmp/u;
    %jmp/1 T_14.7, 6;
    %dup/vec4;
    %pushi/vec4 2, 0, 3;
    %cmp/u;
    %jmp/1 T_14.8, 6;
    %dup/vec4;
    %pushi/vec4 3, 0, 3;
    %cmp/u;
    %jmp/1 T_14.9, 6;
    %dup/vec4;
    %pushi/vec4 4, 0, 3;
    %cmp/u;
    %jmp/1 T_14.10, 6;
    %dup/vec4;
    %pushi/vec4 5, 0, 3;
    %cmp/u;
    %jmp/1 T_14.11, 6;
    %pushi/vec4 0, 0, 3;
    %assign/vec4 v0x5e48bbd47f60_0, 0;
    %jmp T_14.13;
T_14.6 ;
    %load/vec4 v0x5e48bbd47e80_0;
    %cmpi/e 2, 0, 8;
    %flag_mov 8, 4;
    %jmp/0 T_14.14, 8;
    %pushi/vec4 1, 0, 3;
    %jmp/1 T_14.15, 8;
T_14.14 ; End of true expr.
    %pushi/vec4 0, 0, 3;
    %jmp/0 T_14.15, 8;
 ; End of false expr.
    %blend;
T_14.15;
    %assign/vec4 v0x5e48bbd47f60_0, 0;
    %jmp T_14.13;
T_14.7 ;
    %load/vec4 v0x5e48bbd47e80_0;
    %cmpi/e 16, 0, 8;
    %flag_mov 8, 4;
    %jmp/0 T_14.16, 8;
    %pushi/vec4 2, 0, 3;
    %jmp/1 T_14.17, 8;
T_14.16 ; End of true expr.
    %pushi/vec4 0, 0, 3;
    %jmp/0 T_14.17, 8;
 ; End of false expr.
    %blend;
T_14.17;
    %assign/vec4 v0x5e48bbd47f60_0, 0;
    %jmp T_14.13;
T_14.8 ;
    %load/vec4 v0x5e48bbd47e80_0;
    %assign/vec4 v0x5e48bbd47c20_0, 0;
    %pushi/vec4 3, 0, 3;
    %assign/vec4 v0x5e48bbd47f60_0, 0;
    %jmp T_14.13;
T_14.9 ;
    %load/vec4 v0x5e48bbd47e80_0;
    %assign/vec4 v0x5e48bbd26ca0_0, 0;
    %pushi/vec4 4, 0, 3;
    %assign/vec4 v0x5e48bbd47f60_0, 0;
    %jmp T_14.13;
T_14.10 ;
    %load/vec4 v0x5e48bbd47e80_0;
    %assign/vec4 v0x5e48bbd48120_0, 0;
    %pushi/vec4 5, 0, 3;
    %assign/vec4 v0x5e48bbd47f60_0, 0;
    %jmp T_14.13;
T_14.11 ;
    %load/vec4 v0x5e48bbd47e80_0;
    %cmpi/e 3, 0, 8;
    %jmp/0xz  T_14.18, 4;
    %load/vec4 v0x5e48bbd47c20_0;
    %assign/vec4 v0x5e48bbd47b40_0, 0;
    %load/vec4 v0x5e48bbd26ca0_0;
    %assign/vec4 v0x5e48bbd1c690_0, 0;
    %load/vec4 v0x5e48bbd48120_0;
    %assign/vec4 v0x5e48bbd48040_0, 0;
    %pushi/vec4 1, 0, 1;
    %assign/vec4 v0x5e48bbd11210_0, 0;
T_14.18 ;
    %pushi/vec4 0, 0, 3;
    %assign/vec4 v0x5e48bbd47f60_0, 0;
    %jmp T_14.13;
T_14.13 ;
    %pop/vec4 1;
T_14.4 ;
T_14.3 ;
T_14.1 ;
    %jmp T_14;
    .thread T_14;
    .scope S_0x5e48bbd494f0;
T_15 ;
    %pushi/vec4 0, 0, 19;
    %store/vec4 v0x5e48bbd4a4b0_0, 0, 19;
    %pushi/vec4 0, 0, 8;
    %store/vec4 v0x5e48bbd4a670_0, 0, 8;
    %pushi/vec4 0, 0, 1;
    %store/vec4 v0x5e48bbd49fb0_0, 0, 1;
    %pushi/vec4 0, 0, 1;
    %store/vec4 v0x5e48bbd4a1f0_0, 0, 1;
    %end;
    .thread T_15;
    .scope S_0x5e48bbd494f0;
T_16 ;
    %wait E_0x5e48bbcd3db0;
    %load/vec4 v0x5e48bbd4a410_0;
    %flag_set/vec4 8;
    %jmp/0 T_16.0, 8;
    %pushi/vec4 0, 0, 19;
    %jmp/1 T_16.1, 8;
T_16.0 ; End of true expr.
    %load/vec4 v0x5e48bbd4a4b0_0;
    %addi 1, 0, 19;
    %jmp/0 T_16.1, 8;
 ; End of false expr.
    %blend;
T_16.1;
    %assign/vec4 v0x5e48bbd4a4b0_0, 0;
    %load/vec4 v0x5e48bbd4a410_0;
    %flag_set/vec4 8;
    %jmp/0xz  T_16.2, 8;
    %load/vec4 v0x5e48bbd49ef0_0;
    %assign/vec4 v0x5e48bbd49fb0_0, 0;
    %load/vec4 v0x5e48bbd4a130_0;
    %assign/vec4 v0x5e48bbd4a1f0_0, 0;
    %load/vec4 v0x5e48bbd49ef0_0;
    %load/vec4 v0x5e48bbd49fb0_0;
    %nor/r;
    %and;
    %flag_set/vec4 8;
    %jmp/0xz  T_16.4, 8;
    %pushi/vec4 0, 0, 1;
    %load/vec4 v0x5e48bbd4a350_0;
    %concat/vec4; draw_concat_vec4
    %load/vec4 v0x5e48bbd4a750_0;
    %cmp/u;
    %flag_mov 8, 5;
    %jmp/0 T_16.6, 8;
    %load/vec4 v0x5e48bbd4a350_0;
    %jmp/1 T_16.7, 8;
T_16.6 ; End of true expr.
    %load/vec4 v0x5e48bbd4a750_0;
    %parti/s 8, 0, 2;
    %jmp/0 T_16.7, 8;
 ; End of false expr.
    %blend;
T_16.7;
    %assign/vec4 v0x5e48bbd4a670_0, 0;
    %jmp T_16.5;
T_16.4 ;
    %load/vec4 v0x5e48bbd4a130_0;
    %load/vec4 v0x5e48bbd4a1f0_0;
    %nor/r;
    %and;
    %flag_set/vec4 8;
    %jmp/0xz  T_16.8, 8;
    %load/vec4 v0x5e48bbd4a670_0;
    %cmpi/u 5, 0, 8;
    %flag_mov 8, 5;
    %jmp/0 T_16.10, 8;
    %pushi/vec4 0, 0, 8;
    %jmp/1 T_16.11, 8;
T_16.10 ; End of true expr.
    %load/vec4 v0x5e48bbd4a670_0;
    %subi 5, 0, 8;
    %jmp/0 T_16.11, 8;
 ; End of false expr.
    %blend;
T_16.11;
    %assign/vec4 v0x5e48bbd4a670_0, 0;
    %jmp T_16.9;
T_16.8 ;
    %load/vec4 v0x5e48bbd4a350_0;
    %load/vec4 v0x5e48bbd4a670_0;
    %cmp/u;
    %jmp/0xz  T_16.12, 5;
    %load/vec4 v0x5e48bbd4a350_0;
    %assign/vec4 v0x5e48bbd4a670_0, 0;
T_16.12 ;
T_16.9 ;
T_16.5 ;
T_16.2 ;
    %jmp T_16;
    .thread T_16;
    .scope S_0x5e48bbd48320;
T_17 ;
    %pushi/vec4 0, 0, 16;
    %store/vec4 v0x5e48bbd49170_0, 0, 16;
    %pushi/vec4 0, 0, 4;
    %store/vec4 v0x5e48bbd48bf0_0, 0, 4;
    %pushi/vec4 0, 0, 16;
    %store/vec4 v0x5e48bbd48fb0_0, 0, 16;
    %pushi/vec4 0, 0, 5;
    %store/vec4 v0x5e48bbd48990_0, 0, 5;
    %pushi/vec4 0, 0, 3;
    %store/vec4 v0x5e48bbd49090_0, 0, 3;
    %end;
    .thread T_17;
    .scope S_0x5e48bbd48320;
T_18 ;
    %pushi/vec4 1, 0, 1;
    %store/vec4 v0x5e48bbd48d70_0, 0, 1;
    %pushi/vec4 0, 0, 1;
    %store/vec4 v0x5e48bbd48cb0_0, 0, 1;
    %pushi/vec4 0, 0, 1;
    %store/vec4 v0x5e48bbd48e30_0, 0, 1;
    %end;
    .thread T_18;
    .scope S_0x5e48bbd48320;
T_19 ;
    %wait E_0x5e48bbd2e1d0;
    %load/vec4 v0x5e48bbd48bf0_0;
    %dup/vec4;
    %pushi/vec4 0, 0, 4;
    %cmp/u;
    %jmp/1 T_19.0, 6;
    %dup/vec4;
    %pushi/vec4 1, 0, 4;
    %cmp/u;
    %jmp/1 T_19.1, 6;
    %dup/vec4;
    %pushi/vec4 2, 0, 4;
    %cmp/u;
    %jmp/1 T_19.2, 6;
    %dup/vec4;
    %pushi/vec4 3, 0, 4;
    %cmp/u;
    %jmp/1 T_19.3, 6;
    %dup/vec4;
    %pushi/vec4 4, 0, 4;
    %cmp/u;
    %jmp/1 T_19.4, 6;
    %dup/vec4;
    %pushi/vec4 5, 0, 4;
    %cmp/u;
    %jmp/1 T_19.5, 6;
    %dup/vec4;
    %pushi/vec4 6, 0, 4;
    %cmp/u;
    %jmp/1 T_19.6, 6;
    %dup/vec4;
    %pushi/vec4 7, 0, 4;
    %cmp/u;
    %jmp/1 T_19.7, 6;
    %dup/vec4;
    %pushi/vec4 8, 0, 4;
    %cmp/u;
    %jmp/1 T_19.8, 6;
    %dup/vec4;
    %pushi/vec4 9, 0, 4;
    %cmp/u;
    %jmp/1 T_19.9, 6;
    %pushi/vec4 1792, 0, 32;
    %load/vec4 v0x5e48bbd49330_0;
    %pad/u 32;
    %pushi/vec4 100, 0, 32;
    %div;
    %pushi/vec4 10, 0, 32;
    %mod;
    %add;
    %pad/u 16;
    %store/vec4 v0x5e48bbd48b50_0, 0, 16;
    %jmp T_19.11;
T_19.0 ;
    %pushi/vec4 3840, 0, 16;
    %store/vec4 v0x5e48bbd48b50_0, 0, 16;
    %jmp T_19.11;
T_19.1 ;
    %pushi/vec4 2559, 0, 16;
    %store/vec4 v0x5e48bbd48b50_0, 0, 16;
    %jmp T_19.11;
T_19.2 ;
    %pushi/vec4 2823, 0, 16;
    %store/vec4 v0x5e48bbd48b50_0, 0, 16;
    %jmp T_19.11;
T_19.3 ;
    %pushi/vec4 2568, 0, 16;
    %store/vec4 v0x5e48bbd48b50_0, 0, 16;
    %jmp T_19.11;
T_19.4 ;
    %pushi/vec4 3073, 0, 16;
    %store/vec4 v0x5e48bbd48b50_0, 0, 16;
    %jmp T_19.11;
T_19.5 ;
    %pushi/vec4 256, 0, 32;
    %load/vec4 v0x5e48bbd49250_0;
    %pad/u 32;
    %pushi/vec4 10, 0, 32;
    %mod;
    %add;
    %pad/u 16;
    %store/vec4 v0x5e48bbd48b50_0, 0, 16;
    %jmp T_19.11;
T_19.6 ;
    %pushi/vec4 512, 0, 32;
    %load/vec4 v0x5e48bbd49250_0;
    %pad/u 32;
    %pushi/vec4 10, 0, 32;
    %div;
    %pushi/vec4 10, 0, 32;
    %mod;
    %add;
    %pad/u 16;
    %store/vec4 v0x5e48bbd48b50_0, 0, 16;
    %jmp T_19.11;
T_19.7 ;
    %pushi/vec4 768, 0, 32;
    %load/vec4 v0x5e48bbd49250_0;
    %pad/u 32;
    %pushi/vec4 100, 0, 32;
    %div;
    %pushi/vec4 10, 0, 32;
    %mod;
    %add;
    %pad/u 16;
    %store/vec4 v0x5e48bbd48b50_0, 0, 16;
    %jmp T_19.11;
T_19.8 ;
    %pushi/vec4 1280, 0, 32;
    %load/vec4 v0x5e48bbd49330_0;
    %pad/u 32;
    %pushi/vec4 10, 0, 32;
    %mod;
    %add;
    %pad/u 16;
    %store/vec4 v0x5e48bbd48b50_0, 0, 16;
    %jmp T_19.11;
T_19.9 ;
    %pushi/vec4 1536, 0, 32;
    %load/vec4 v0x5e48bbd49330_0;
    %pad/u 32;
    %pushi/vec4 10, 0, 32;
    %div;
    %pushi/vec4 10, 0, 32;
    %mod;
    %add;
    %pad/u 16;
    %store/vec4 v0x5e48bbd48b50_0, 0, 16;
    %jmp T_19.11;
T_19.11 ;
    %pop/vec4 1;
    %jmp T_19;
    .thread T_19, $push;
    .scope S_0x5e48bbd48320;
T_20 ;
    %wait E_0x5e48bbc94a30;
    %load/vec4 v0x5e48bbd48ef0_0;
    %nor/r;
    %flag_set/vec4 8;
    %jmp/0xz  T_20.0, 8;
    %pushi/vec4 0, 0, 16;
    %assign/vec4 v0x5e48bbd49170_0, 0;
    %pushi/vec4 0, 0, 4;
    %assign/vec4 v0x5e48bbd48bf0_0, 0;
    %pushi/vec4 0, 0, 16;
    %assign/vec4 v0x5e48bbd48fb0_0, 0;
    %pushi/vec4 0, 0, 5;
    %assign/vec4 v0x5e48bbd48990_0, 0;
    %pushi/vec4 0, 0, 3;
    %assign/vec4 v0x5e48bbd49090_0, 0;
    %pushi/vec4 1, 0, 1;
    %assign/vec4 v0x5e48bbd48d70_0, 0;
    %pushi/vec4 0, 0, 1;
    %assign/vec4 v0x5e48bbd48cb0_0, 0;
    %pushi/vec4 0, 0, 1;
    %assign/vec4 v0x5e48bbd48e30_0, 0;
    %jmp T_20.1;
T_20.0 ;
    %load/vec4 v0x5e48bbd49170_0;
    %cmpi/ne 270, 0, 16;
    %jmp/0xz  T_20.2, 4;
    %load/vec4 v0x5e48bbd49170_0;
    %addi 1, 0, 16;
    %assign/vec4 v0x5e48bbd49170_0, 0;
    %jmp T_20.3;
T_20.2 ;
    %pushi/vec4 0, 0, 16;
    %assign/vec4 v0x5e48bbd49170_0, 0;
    %load/vec4 v0x5e48bbd49090_0;
    %dup/vec4;
    %pushi/vec4 0, 0, 3;
    %cmp/u;
    %jmp/1 T_20.4, 6;
    %dup/vec4;
    %pushi/vec4 1, 0, 3;
    %cmp/u;
    %jmp/1 T_20.5, 6;
    %dup/vec4;
    %pushi/vec4 2, 0, 3;
    %cmp/u;
    %jmp/1 T_20.6, 6;
    %dup/vec4;
    %pushi/vec4 3, 0, 3;
    %cmp/u;
    %jmp/1 T_20.7, 6;
    %dup/vec4;
    %pushi/vec4 4, 0, 3;
    %cmp/u;
    %jmp/1 T_20.8, 6;
    %pushi/vec4 0, 0, 3;
    %assign/vec4 v0x5e48bbd49090_0, 0;
    %jmp T_20.10;
T_20.4 ;
    %load/vec4 v0x5e48bbd48b50_0;
    %assign/vec4 v0x5e48bbd48fb0_0, 0;
    %pushi/vec4 16, 0, 5;
    %assign/vec4 v0x5e48bbd48990_0, 0;
    %pushi/vec4 0, 0, 1;
    %assign/vec4 v0x5e48bbd48d70_0, 0;
    %pushi/vec4 0, 0, 1;
    %assign/vec4 v0x5e48bbd48cb0_0, 0;
    %pushi/vec4 1, 0, 3;
    %assign/vec4 v0x5e48bbd49090_0, 0;
    %jmp T_20.10;
T_20.5 ;
    %load/vec4 v0x5e48bbd48fb0_0;
    %parti/s 1, 15, 5;
    %assign/vec4 v0x5e48bbd48e30_0, 0;
    %pushi/vec4 0, 0, 1;
    %assign/vec4 v0x5e48bbd48cb0_0, 0;
    %pushi/vec4 2, 0, 3;
    %assign/vec4 v0x5e48bbd49090_0, 0;
    %jmp T_20.10;
T_20.6 ;
    %pushi/vec4 1, 0, 1;
    %assign/vec4 v0x5e48bbd48cb0_0, 0;
    %load/vec4 v0x5e48bbd48fb0_0;
    %ix/load 4, 1, 0;
    %flag_set/imm 4, 0;
    %shiftl 4;
    %assign/vec4 v0x5e48bbd48fb0_0, 0;
    %load/vec4 v0x5e48bbd48990_0;
    %subi 1, 0, 5;
    %assign/vec4 v0x5e48bbd48990_0, 0;
    %load/vec4 v0x5e48bbd48990_0;
    %cmpi/e 1, 0, 5;
    %flag_mov 8, 4;
    %jmp/0 T_20.11, 8;
    %pushi/vec4 3, 0, 3;
    %jmp/1 T_20.12, 8;
T_20.11 ; End of true expr.
    %pushi/vec4 1, 0, 3;
    %jmp/0 T_20.12, 8;
 ; End of false expr.
    %blend;
T_20.12;
    %assign/vec4 v0x5e48bbd49090_0, 0;
    %jmp T_20.10;
T_20.7 ;
    %pushi/vec4 0, 0, 1;
    %assign/vec4 v0x5e48bbd48cb0_0, 0;
    %pushi/vec4 4, 0, 3;
    %assign/vec4 v0x5e48bbd49090_0, 0;
    %jmp T_20.10;
T_20.8 ;
    %pushi/vec4 1, 0, 1;
    %assign/vec4 v0x5e48bbd48d70_0, 0;
    %load/vec4 v0x5e48bbd48bf0_0;
    %cmpi/e 10, 0, 4;
    %flag_mov 8, 4;
    %jmp/0 T_20.13, 8;
    %pushi/vec4 0, 0, 4;
    %jmp/1 T_20.14, 8;
T_20.13 ; End of true expr.
    %load/vec4 v0x5e48bbd48bf0_0;
    %addi 1, 0, 4;
    %jmp/0 T_20.14, 8;
 ; End of false expr.
    %blend;
T_20.14;
    %assign/vec4 v0x5e48bbd48bf0_0, 0;
    %pushi/vec4 0, 0, 3;
    %assign/vec4 v0x5e48bbd49090_0, 0;
    %jmp T_20.10;
T_20.10 ;
    %pop/vec4 1;
T_20.3 ;
T_20.1 ;
    %jmp T_20;
    .thread T_20;
    .scope S_0x5e48bbd09d10;
T_21 ;
    %pushi/vec4 0, 0, 1;
    %store/vec4 v0x5e48bbd50480_0, 0, 1;
    %end;
    .thread T_21;
    .scope S_0x5e48bbd09d10;
T_22 ;
    %delay 5000, 0;
    %load/vec4 v0x5e48bbd50480_0;
    %inv;
    %store/vec4 v0x5e48bbd50480_0, 0, 1;
    %jmp T_22;
    .thread T_22;
    .scope S_0x5e48bbd09d10;
T_23 ;
    %vpi_call 2 37 "$dumpfile", "tb/road_shield_top_speed_tb.vcd" {0 0 0};
    %vpi_call 2 38 "$dumpvars", 32'sb00000000000000000000000000000000, S_0x5e48bbd09d10 {0 0 0};
    %end;
    .thread T_23;
    .scope S_0x5e48bbd09d10;
T_24 ;
    %wait E_0x5e48bbd4ec60;
    %load/vec4 v0x5e48bbd50ec0_0;
    %addi 1, 0, 32;
    %store/vec4 v0x5e48bbd50ec0_0, 0, 32;
    %jmp T_24;
    .thread T_24;
    .scope S_0x5e48bbd09d10;
T_25 ;
    %pushi/vec4 0, 0, 32;
    %store/vec4 v0x5e48bbd50ec0_0, 0, 32;
    %pushi/vec4 1, 0, 1;
    %store/vec4 v0x5e48bbd50260_0, 0, 1;
    %pushi/vec4 1, 0, 1;
    %store/vec4 v0x5e48bbd50370_0, 0, 1;
    %pushi/vec4 0, 0, 1;
    %store/vec4 v0x5e48bbd51290_0, 0, 1;
    %pushi/vec4 0, 0, 1;
    %store/vec4 v0x5e48bbd51090_0, 0, 1;
    %pushi/vec4 1, 0, 1;
    %store/vec4 v0x5e48bbd50d40_0, 0, 1;
    %pushi/vec4 30, 0, 32;
T_25.0 %dup/vec4;
    %pushi/vec4 0, 0, 32;
    %cmp/s;
    %jmp/1xz T_25.1, 5;
    %jmp/1 T_25.1, 4;
    %pushi/vec4 1, 0, 32;
    %sub;
    %wait E_0x5e48bbcd3db0;
    %jmp T_25.0;
T_25.1 ;
    %pop/vec4 1;
    %pushi/vec4 1, 0, 1;
    %store/vec4 v0x5e48bbd4eea0_0, 0, 1;
    %fork TD_road_shield_top_speed_tb.press, S_0x5e48bbd4ecc0;
    %join;
    %pushi/vec4 5, 0, 8;
    %store/vec4 v0x5e48bbd038b0_0, 0, 8;
    %pushi/vec4 0, 0, 32; draw_string_vec4
    %pushi/vec4 0, 0, 32; draw_string_vec4
    %concat/vec4; draw_string_vec4
    %pushi/vec4 0, 0, 32; draw_string_vec4
    %concat/vec4; draw_string_vec4
    %pushi/vec4 105, 0, 32; draw_string_vec4
    %concat/vec4; draw_string_vec4
    %pushi/vec4 1852011109, 0, 32; draw_string_vec4
    %concat/vec4; draw_string_vec4
    %pushi/vec4 1835363956, 0, 32; draw_string_vec4
    %concat/vec4; draw_string_vec4
    %pushi/vec4 1864393313, 0, 32; draw_string_vec4
    %concat/vec4; draw_string_vec4
    %pushi/vec4 1936286575, 0, 32; draw_string_vec4
    %concat/vec4; draw_string_vec4
    %store/vec4 v0x5e48bbd03de0_0, 0, 256;
    %fork TD_road_shield_top_speed_tb.check, S_0x5e48bbd0a9d0;
    %join;
    %pushi/vec4 0, 0, 32;
    %store/vec4 v0x5e48bbd505c0_0, 0, 32;
T_25.2 ;
    %load/vec4 v0x5e48bbd505c0_0;
    %cmpi/s 24, 0, 32;
    %jmp/0xz T_25.3, 5;
    %pushi/vec4 1, 0, 1;
    %store/vec4 v0x5e48bbd4eea0_0, 0, 1;
    %fork TD_road_shield_top_speed_tb.press, S_0x5e48bbd4ecc0;
    %join;
    %load/vec4 v0x5e48bbd50c60_0;
    %cmpi/u 100, 0, 8;
    %flag_or 5, 4; GT is !LE
    %flag_inv 5;
    %jmp/0xz  T_25.4, 5;
    %vpi_call 2 169 "$display", "ERROR saturacao iter %0d: speed=%0d > MAX=%0d", v0x5e48bbd505c0_0, v0x5e48bbd50c60_0, P_0x5e48bbcdec80 {0 0 0};
T_25.4 ;
    %load/vec4 v0x5e48bbd505c0_0;
    %addi 1, 0, 32;
    %store/vec4 v0x5e48bbd505c0_0, 0, 32;
    %jmp T_25.2;
T_25.3 ;
    %pushi/vec4 100, 0, 8;
    %store/vec4 v0x5e48bbd038b0_0, 0, 8;
    %pushi/vec4 0, 0, 32; draw_string_vec4
    %pushi/vec4 0, 0, 32; draw_string_vec4
    %concat/vec4; draw_string_vec4
    %pushi/vec4 1315008288, 0, 32; draw_string_vec4
    %concat/vec4; draw_string_vec4
    %pushi/vec4 1970041970, 0, 32; draw_string_vec4
    %concat/vec4; draw_string_vec4
    %pushi/vec4 1634754931, 0, 32; draw_string_vec4
    %concat/vec4; draw_string_vec4
    %pushi/vec4 1936662637, 0, 32; draw_string_vec4
    %concat/vec4; draw_string_vec4
    %pushi/vec4 1635262579, 0, 32; draw_string_vec4
    %concat/vec4; draw_string_vec4
    %pushi/vec4 1885693284, 0, 32; draw_string_vec4
    %concat/vec4; draw_string_vec4
    %store/vec4 v0x5e48bbd03de0_0, 0, 256;
    %fork TD_road_shield_top_speed_tb.check, S_0x5e48bbd0a9d0;
    %join;
    %pushi/vec4 0, 0, 32;
    %store/vec4 v0x5e48bbd505c0_0, 0, 32;
T_25.6 ;
    %load/vec4 v0x5e48bbd505c0_0;
    %cmpi/s 25, 0, 32;
    %jmp/0xz T_25.7, 5;
    %pushi/vec4 0, 0, 1;
    %store/vec4 v0x5e48bbd4eea0_0, 0, 1;
    %fork TD_road_shield_top_speed_tb.press, S_0x5e48bbd4ecc0;
    %join;
    %load/vec4 v0x5e48bbd505c0_0;
    %addi 1, 0, 32;
    %store/vec4 v0x5e48bbd505c0_0, 0, 32;
    %jmp T_25.6;
T_25.7 ;
    %pushi/vec4 0, 0, 8;
    %store/vec4 v0x5e48bbd038b0_0, 0, 8;
    %pushi/vec4 0, 0, 32; draw_string_vec4
    %pushi/vec4 0, 0, 32; draw_string_vec4
    %concat/vec4; draw_string_vec4
    %pushi/vec4 0, 0, 32; draw_string_vec4
    %concat/vec4; draw_string_vec4
    %pushi/vec4 117, 0, 32; draw_string_vec4
    %concat/vec4; draw_string_vec4
    %pushi/vec4 1852073330, 0, 32; draw_string_vec4
    %concat/vec4; draw_string_vec4
    %pushi/vec4 1718382455, 0, 32; draw_string_vec4
    %concat/vec4; draw_string_vec4
    %pushi/vec4 543517984, 0, 32; draw_string_vec4
    %concat/vec4; draw_string_vec4
    %pushi/vec4 2053468783, 0, 32; draw_string_vec4
    %concat/vec4; draw_string_vec4
    %store/vec4 v0x5e48bbd03de0_0, 0, 256;
    %fork TD_road_shield_top_speed_tb.check, S_0x5e48bbd0a9d0;
    %join;
    %pushi/vec4 0, 0, 32;
    %store/vec4 v0x5e48bbd505c0_0, 0, 32;
T_25.8 ;
    %load/vec4 v0x5e48bbd505c0_0;
    %cmpi/s 3, 0, 32;
    %jmp/0xz T_25.9, 5;
    %pushi/vec4 1, 0, 1;
    %store/vec4 v0x5e48bbd4eea0_0, 0, 1;
    %fork TD_road_shield_top_speed_tb.press, S_0x5e48bbd4ecc0;
    %join;
    %load/vec4 v0x5e48bbd505c0_0;
    %addi 1, 0, 32;
    %store/vec4 v0x5e48bbd505c0_0, 0, 32;
    %jmp T_25.8;
T_25.9 ;
    %pushi/vec4 15, 0, 8;
    %store/vec4 v0x5e48bbd038b0_0, 0, 8;
    %pushi/vec4 0, 0, 32; draw_string_vec4
    %pushi/vec4 0, 0, 32; draw_string_vec4
    %concat/vec4; draw_string_vec4
    %pushi/vec4 0, 0, 32; draw_string_vec4
    %concat/vec4; draw_string_vec4
    %pushi/vec4 1936745829, 0, 32; draw_string_vec4
    %concat/vec4; draw_string_vec4
    %pushi/vec4 1679847521, 0, 32; draw_string_vec4
    %concat/vec4; draw_string_vec4
    %pushi/vec4 1918967924, 0, 32; draw_string_vec4
    %concat/vec4; draw_string_vec4
    %pushi/vec4 1702065253, 0, 32; draw_string_vec4
    %concat/vec4; draw_string_vec4
    %pushi/vec4 542330953, 0, 32; draw_string_vec4
    %concat/vec4; draw_string_vec4
    %store/vec4 v0x5e48bbd03de0_0, 0, 256;
    %fork TD_road_shield_top_speed_tb.check, S_0x5e48bbd0a9d0;
    %join;
    %pushi/vec4 0, 0, 32;
    %store/vec4 v0x5e48bbd50de0_0, 0, 32;
    %pushi/vec4 0, 0, 32;
    %store/vec4 v0x5e48bbd505c0_0, 0, 32;
T_25.10 ;
    %load/vec4 v0x5e48bbd505c0_0;
    %cmpi/s 12, 0, 32;
    %jmp/0xz T_25.11, 5;
    %fork TD_road_shield_top_speed_tb.get_frame, S_0x5e48bbd4ea60;
    %join;
    %load/vec4 v0x5e48bbd50b80_0;
    %pad/u 32;
    %pushi/vec4 261, 0, 32;
    %cmp/e;
    %flag_get/vec4 6;
    %load/vec4 v0x5e48bbd50aa0_0;
    %pushi/vec4 16, 0, 32;
    %cmp/e;
    %flag_get/vec4 6;
    %and;
    %flag_set/vec4 8;
    %jmp/0xz  T_25.12, 8;
    %pushi/vec4 1, 0, 32;
    %store/vec4 v0x5e48bbd50de0_0, 0, 32;
T_25.12 ;
    %load/vec4 v0x5e48bbd505c0_0;
    %addi 1, 0, 32;
    %store/vec4 v0x5e48bbd505c0_0, 0, 32;
    %jmp T_25.10;
T_25.11 ;
    %load/vec4 v0x5e48bbd50de0_0;
    %cmpi/ne 0, 0, 32;
    %jmp/0xz  T_25.14, 4;
    %vpi_call 2 188 "$display", "OK SPI unidade: 0x%04h", 32'b00000000000000000000000100000101 {0 0 0};
    %jmp T_25.15;
T_25.14 ;
    %vpi_call 2 190 "$display", "FAIL SPI unidade: quadro 0x%04h nao encontrado", 32'b00000000000000000000000100000101 {0 0 0};
T_25.15 ;
    %pushi/vec4 20000, 0, 32;
T_25.16 %dup/vec4;
    %pushi/vec4 0, 0, 32;
    %cmp/s;
    %jmp/1xz T_25.17, 5;
    %jmp/1 T_25.17, 4;
    %pushi/vec4 1, 0, 32;
    %sub;
    %wait E_0x5e48bbcd3db0;
    %jmp T_25.16;
T_25.17 ;
    %pop/vec4 1;
    %load/vec4 v0x5e48bbd50ec0_0;
    %cmpi/s 10, 0, 32;
    %flag_inv 5; GE is !LT
    %jmp/0xz  T_25.18, 5;
    %vpi_call 2 195 "$display", "OK display ativo (%0d quadros)", v0x5e48bbd50ec0_0 {0 0 0};
    %jmp T_25.19;
T_25.18 ;
    %vpi_call 2 197 "$display", "FAIL display parado (%0d quadros)", v0x5e48bbd50ec0_0 {0 0 0};
T_25.19 ;
    %pushi/vec4 80, 0, 8;
    %store/vec4 v0x5e48bbd4f940_0, 0, 8;
    %pushi/vec4 40, 0, 8;
    %store/vec4 v0x5e48bbd4f840_0, 0, 8;
    %pushi/vec4 60, 0, 8;
    %store/vec4 v0x5e48bbd4fa20_0, 0, 8;
    %fork TD_road_shield_top_speed_tb.send_cfg, S_0x5e48bbd4f660;
    %join;
    %load/vec4 v0x5e48bbd47b40_0;
    %pushi/vec4 80, 0, 8;
    %cmp/e;
    %flag_get/vec4 6;
    %load/vec4 v0x5e48bbd1c690_0;
    %pushi/vec4 40, 0, 8;
    %cmp/e;
    %flag_get/vec4 6;
    %and;
    %load/vec4 v0x5e48bbd48040_0;
    %pushi/vec4 60, 0, 8;
    %cmp/e;
    %flag_get/vec4 6;
    %and;
    %flag_set/vec4 8;
    %jmp/0xz  T_25.20, 8;
    %vpi_call 2 204 "$display", "OK config SPI: livre=%0d att=%0d vel=%0d", v0x5e48bbd47b40_0, v0x5e48bbd1c690_0, v0x5e48bbd48040_0 {0 0 0};
    %jmp T_25.21;
T_25.20 ;
    %vpi_call 2 207 "$display", "FAIL config SPI: livre=%0d att=%0d vel=%0d", v0x5e48bbd47b40_0, v0x5e48bbd1c690_0, v0x5e48bbd48040_0 {0 0 0};
T_25.21 ;
    %fork TD_road_shield_top_speed_tb.read_speed, S_0x5e48bbd4ef80;
    %join;
    %load/vec4 v0x5e48bbd4f530_0;
    %store/vec4 v0x5e48bbd509c0_0, 0, 8;
    %load/vec4 v0x5e48bbd509c0_0;
    %cmpi/e 15, 0, 8;
    %jmp/0xz  T_25.22, 6;
    %vpi_call 2 213 "$display", "OK speed TX: vel=%0d", v0x5e48bbd509c0_0 {0 0 0};
    %jmp T_25.23;
T_25.22 ;
    %vpi_call 2 215 "$display", "FAIL speed TX: vel=%0d (esperado 15)", v0x5e48bbd509c0_0 {0 0 0};
T_25.23 ;
    %vpi_call 2 217 "$finish" {0 0 0};
    %end;
    .thread T_25;
# The file index is used to find the file name in the following table.
:file_names 9;
    "N/A";
    "<interactive>";
    "tb/road_shield_top_speed_tb.v";
    "road_shield_top_speed.v";
    "config_rx.v";
    "number_control.v";
    "speed_control.v";
    "speed_tx.v";
    "spi.v";
